Processing ./index.html

-------- [ 1 ]  Ready  --------
             [32m_start[0m
     10 |    [31m<!-- <time-limited to="2019-12-31 23:59:59"> -->[0m
     11 |[31m      <p>This content is only available until the end of the year.</p>[0m
     12 |[31m      <p>After that, it will be removed from the page.</p>[0m
     13 |[31m    <!-- </time-limited> -->[0m
                                    [32mâ€¾end[0m
-------- [ 2 ]  Ready  --------
               [32m_start[0m
     16 |      [31m<!-- <time-limited to="2001-12-31 23:59:59"> -->[0m
     17 |[31m        40% off! Only until the 2001/12/31![0m
     18 |[31m      <!-- </time-limited> -->[0m
                                      [32mâ€¾end[0m
-------- [ 3 ]  Ready  --------
             [32m_start[0m
     20 |    [31m<!-- <time-limited to="2001-12-31 23:59:59"> -->[0m
     21 |[31m      <!-- <time-limited to="2999-12-31 23:59:59"> -->[0m
     22 |[31m        Campaign![0m
     23 |[31m      <!-- </time-limited> -->[0m
     24 |[31m      until the 2001/12/31![0m
     25 |[31m    <!-- </time-limited> -->[0m
                                    [32mâ€¾end[0m
